[demo.w3layouts.com/demos_new/template_demo/31-08-2018/poly_clinic-demo_Free/1184288982/web/index.html]
[backblue.gif]
[fade.gif]
[index.html]
[demo.w3layouts.com/demos_new/template_demo/31-08-2018/poly_clinic-demo_Free/1184288982/web/css/bootstrap.css]
[demo.w3layouts.com/demos_new/template_demo/31-08-2018/poly_clinic-demo_Free/1184288982/web/css/style.css]
[demo.w3layouts.com/demos_new/template_demo/31-08-2018/poly_clinic-demo_Free/1184288982/web/css/fontawesome-all.min.css]
[m.servedby-buysellads.com/monetization.js]
[demo.w3layouts.com/assests/css/font-awesome.min.css]
[demo.w3layouts.com/demos_new/template_demo/31-08-2018/poly_clinic-demo_Free/1184288982/web/about.html]
[demo.w3layouts.com/demos_new/template_demo/31-08-2018/poly_clinic-demo_Free/1184288982/web/services.html]
[demo.w3layouts.com/demos_new/template_demo/31-08-2018/poly_clinic-demo_Free/1184288982/web/gallery.html]
[demo.w3layouts.com/demos_new/template_demo/31-08-2018/poly_clinic-demo_Free/1184288982/web/team.html]
[demo.w3layouts.com/demos_new/template_demo/31-08-2018/poly_clinic-demo_Free/1184288982/web/typo.html]
[demo.w3layouts.com/demos_new/template_demo/31-08-2018/poly_clinic-demo_Free/1184288982/web/contact.html]
[demo.w3layouts.com/demos_new/template_demo/31-08-2018/poly_clinic-demo_Free/1184288982/web/single.html]
[demo.w3layouts.com/demos_new/template_demo/31-08-2018/poly_clinic-demo_Free/1184288982/web/images/g5.jpg]
[demo.w3layouts.com/demos_new/template_demo/31-08-2018/poly_clinic-demo_Free/1184288982/web/images/g2.jpg]
[demo.w3layouts.com/demos_new/template_demo/31-08-2018/poly_clinic-demo_Free/1184288982/web/images/g1.jpg]
[demo.w3layouts.com/demos_new/template_demo/31-08-2018/poly_clinic-demo_Free/1184288982/web/images/te1.jpg]
[demo.w3layouts.com/demos_new/template_demo/31-08-2018/poly_clinic-demo_Free/1184288982/web/images/te2.jpg]
[demo.w3layouts.com/demos_new/template_demo/31-08-2018/poly_clinic-demo_Free/1184288982/web/images/te3.jpg]
[demo.w3layouts.com/demos_new/template_demo/31-08-2018/poly_clinic-demo_Free/1184288982/web/images/te4.jpg]
[demo.w3layouts.com/demos_new/template_demo/31-08-2018/poly_clinic-demo_Free/1184288982/web/images/te5.jpg]
[demo.w3layouts.com/demos_new/template_demo/31-08-2018/poly_clinic-demo_Free/1184288982/web/js/jquery-2.2.3.min.js]
[demo.w3layouts.com/demos_new/template_demo/31-08-2018/poly_clinic-demo_Free/1184288982/web/js/responsiveslides.min.js]
[demo.w3layouts.com/demos_new/template_demo/31-08-2018/poly_clinic-demo_Free/1184288982/web/js/jquery.flexisel.js]
[demo.w3layouts.com/demos_new/template_demo/31-08-2018/poly_clinic-demo_Free/1184288982/web/js/easing.js]
[demo.w3layouts.com/demos_new/template_demo/31-08-2018/poly_clinic-demo_Free/1184288982/web/js/SmoothScroll.min.js]
[demo.w3layouts.com/demos_new/template_demo/31-08-2018/poly_clinic-demo_Free/1184288982/web/js/bootstrap.js]
[demo.w3layouts.com/demos_new/template_demo/31-08-2018/poly_clinic-demo_Free/1184288982/web/index.html]
[fonts.googleapis.com/css7fc9.css]
[demo.w3layouts.com/demos_new/template_demo/31-08-2018/poly_clinic-demo_Free/1184288982/web/js/counter.js]
[demo.w3layouts.com/demos_new/template_demo/31-08-2018/poly_clinic-demo_Free/1184288982/web/about.html]
[demo.w3layouts.com/demos_new/template_demo/31-08-2018/poly_clinic-demo_Free/1184288982/web/services.html]
[demo.w3layouts.com/demos_new/template_demo/31-08-2018/poly_clinic-demo_Free/1184288982/web/css/simpleLightbox.css]
[demo.w3layouts.com/demos_new/template_demo/31-08-2018/poly_clinic-demo_Free/1184288982/web/images/g3.jpg]
[demo.w3layouts.com/demos_new/template_demo/31-08-2018/poly_clinic-demo_Free/1184288982/web/images/g4.jpg]
[demo.w3layouts.com/demos_new/template_demo/31-08-2018/poly_clinic-demo_Free/1184288982/web/images/g6.jpg]
[demo.w3layouts.com/demos_new/template_demo/31-08-2018/poly_clinic-demo_Free/1184288982/web/images/g7.jpg]
[demo.w3layouts.com/demos_new/template_demo/31-08-2018/poly_clinic-demo_Free/1184288982/web/images/g8.jpg]
[demo.w3layouts.com/demos_new/template_demo/31-08-2018/poly_clinic-demo_Free/1184288982/web/images/g9.jpg]
[demo.w3layouts.com/demos_new/template_demo/31-08-2018/poly_clinic-demo_Free/1184288982/web/js/simpleLightbox.js]
[demo.w3layouts.com/demos_new/template_demo/31-08-2018/poly_clinic-demo_Free/1184288982/web/gallery.html]
[demo.w3layouts.com/demos_new/template_demo/31-08-2018/poly_clinic-demo_Free/1184288982/web/images/t1.jpg]
[demo.w3layouts.com/demos_new/template_demo/31-08-2018/poly_clinic-demo_Free/1184288982/web/images/t2.png]
[demo.w3layouts.com/demos_new/template_demo/31-08-2018/poly_clinic-demo_Free/1184288982/web/images/t3.png]
[demo.w3layouts.com/demos_new/template_demo/31-08-2018/poly_clinic-demo_Free/1184288982/web/images/t4.jpg]
[demo.w3layouts.com/demos_new/template_demo/31-08-2018/poly_clinic-demo_Free/1184288982/web/css/jquery-ui.css]
[demo.w3layouts.com/demos_new/template_demo/31-08-2018/poly_clinic-demo_Free/1184288982/web/team.html]
[demo.w3layouts.com/demos_new/template_demo/31-08-2018/poly_clinic-demo_Free/1184288982/web/typo.html]
[demo.w3layouts.com/demos_new/template_demo/31-08-2018/poly_clinic-demo_Free/1184288982/web/js/jquery-ui.js]
[demo.w3layouts.com/demos_new/template_demo/31-08-2018/poly_clinic-demo_Free/1184288982/web/images/contact.jpg]
[demo.w3layouts.com/demos_new/template_demo/31-08-2018/poly_clinic-demo_Free/1184288982/web/contact.html]
[demo.w3layouts.com/demos_new/template_demo/31-08-2018/poly_clinic-demo_Free/1184288982/web/css/blog.css]
[demo.w3layouts.com/demos_new/template_demo/31-08-2018/poly_clinic-demo_Free/1184288982/web/images/banner.jpg]
[demo.w3layouts.com/demos_new/template_demo/31-08-2018/poly_clinic-demo_Free/1184288982/web/images/client.jpg]
[demo.w3layouts.com/demos_new/template_demo/31-08-2018/poly_clinic-demo_Free/1184288982/web/single.html]
[demo.w3layouts.com/demos_new/template_demo/31-08-2018/poly_clinic-demo_Free/1184288982/web/images/client1.jpg]
[demo.w3layouts.com/demos_new/template_demo/31-08-2018/poly_clinic-demo_Free/1184288982/web/css/bootstrap.css]
[m.servedby-buysellads.com/monetization.js]
[demo.w3layouts.com/demos_new/template_demo/31-08-2018/poly_clinic-demo_Free/1184288982/web/images/slide.jpg]
[demo.w3layouts.com/demos_new/template_demo/31-08-2018/poly_clinic-demo_Free/1184288982/web/images/s2.jpg]
[demo.w3layouts.com/demos_new/template_demo/31-08-2018/poly_clinic-demo_Free/1184288982/web/images/testi.jpg]
[demo.w3layouts.com/demos_new/template_demo/31-08-2018/poly_clinic-demo_Free/1184288982/web/images/right.png]
[demo.w3layouts.com/demos_new/template_demo/31-08-2018/poly_clinic-demo_Free/1184288982/web/images/left.png]
[demo.w3layouts.com/demos_new/template_demo/31-08-2018/poly_clinic-demo_Free/1184288982/web/images/stats.jpg]
[demo.w3layouts.com/demos_new/template_demo/31-08-2018/poly_clinic-demo_Free/1184288982/web/images/4.jpg]
[demo.w3layouts.com/demos_new/template_demo/31-08-2018/poly_clinic-demo_Free/1184288982/web/css/style.css]
[demo.w3layouts.com/demos_new/template_demo/31-08-2018/poly_clinic-demo_Free/1184288982/web/webfonts/fa-brands-400.eot]
[demo.w3layouts.com/demos_new/template_demo/31-08-2018/poly_clinic-demo_Free/1184288982/web/webfonts/fa-brands-400d41d.eot]
[demo.w3layouts.com/demos_new/template_demo/31-08-2018/poly_clinic-demo_Free/1184288982/web/webfonts/fa-brands-400.woff2]
[demo.w3layouts.com/demos_new/template_demo/31-08-2018/poly_clinic-demo_Free/1184288982/web/webfonts/fa-brands-400.woff]
[demo.w3layouts.com/demos_new/template_demo/31-08-2018/poly_clinic-demo_Free/1184288982/web/webfonts/fa-brands-400.ttf]
[demo.w3layouts.com/demos_new/template_demo/31-08-2018/poly_clinic-demo_Free/1184288982/web/webfonts/fa-brands-400.svg]
[demo.w3layouts.com/demos_new/template_demo/31-08-2018/poly_clinic-demo_Free/1184288982/web/webfonts/fa-regular-400.eot]
[demo.w3layouts.com/demos_new/template_demo/31-08-2018/poly_clinic-demo_Free/1184288982/web/webfonts/fa-regular-400d41d.eot]
[demo.w3layouts.com/demos_new/template_demo/31-08-2018/poly_clinic-demo_Free/1184288982/web/webfonts/fa-regular-400.woff2]
[demo.w3layouts.com/demos_new/template_demo/31-08-2018/poly_clinic-demo_Free/1184288982/web/webfonts/fa-regular-400.woff]
[demo.w3layouts.com/demos_new/template_demo/31-08-2018/poly_clinic-demo_Free/1184288982/web/webfonts/fa-regular-400.ttf]
[demo.w3layouts.com/demos_new/template_demo/31-08-2018/poly_clinic-demo_Free/1184288982/web/webfonts/fa-regular-400.svg]
[demo.w3layouts.com/demos_new/template_demo/31-08-2018/poly_clinic-demo_Free/1184288982/web/webfonts/fa-solid-900.eot]
[demo.w3layouts.com/demos_new/template_demo/31-08-2018/poly_clinic-demo_Free/1184288982/web/webfonts/fa-solid-900d41d.eot]
[demo.w3layouts.com/demos_new/template_demo/31-08-2018/poly_clinic-demo_Free/1184288982/web/webfonts/fa-solid-900.woff2]
[demo.w3layouts.com/demos_new/template_demo/31-08-2018/poly_clinic-demo_Free/1184288982/web/webfonts/fa-solid-900.woff]
[demo.w3layouts.com/demos_new/template_demo/31-08-2018/poly_clinic-demo_Free/1184288982/web/webfonts/fa-solid-900.ttf]
[demo.w3layouts.com/demos_new/template_demo/31-08-2018/poly_clinic-demo_Free/1184288982/web/css/fontawesome-all.min.css]
[demo.w3layouts.com/assests/css/font-awesome.min.css]
[demo.w3layouts.com/demos_new/template_demo/31-08-2018/poly_clinic-demo_Free/1184288982/web/css/simpleLightbox.css]
[demo.w3layouts.com/demos_new/template_demo/31-08-2018/poly_clinic-demo_Free/1184288982/web/webfonts/fa-solid-900.svg]
[demo.w3layouts.com/assests/fonts/fontawesome-webfont3e6e.svg]
[demo.w3layouts.com/demos_new/template_demo/31-08-2018/poly_clinic-demo_Free/1184288982/web/css/ui-bg_glass_65_ffffff_1x400.4a.delayed]
[demo.w3layouts.com/demos_new/template_demo/31-08-2018/poly_clinic-demo_Free/1184288982/web/css/ui-bg_glass_95_fef1ec_1x400.png]
[demo.w3layouts.com/demos_new/template_demo/31-08-2018/poly_clinic-demo_Free/1184288982/web/css/ui-bg_flat_0_aaaaaa_40x100.png]
[demo.w3layouts.com/demos_new/template_demo/31-08-2018/poly_clinic-demo_Free/1184288982/web/images/calender.png]
[demo.w3layouts.com/demos_new/template_demo/31-08-2018/poly_clinic-demo_Free/1184288982/web/css/jquery-ui.css]
[demo.w3layouts.com/demos_new/template_demo/31-08-2018/poly_clinic-demo_Free/1184288982/web/css/blog.css]
[demo.w3layouts.com/demos_new/template_demo/31-08-2018/poly_clinic-demo_Free/1184288982/web/images/s2.html]
[demo.w3layouts.com/demos_new/template_demo/31-08-2018/poly_clinic-demo_Free/1184288982/web/images/4.html]
[demo.w3layouts.com/demos_new/template_demo/31-08-2018/poly_clinic-demo_Free/1184288982/web/webfonts/fa-brands-400.svg]
[demo.w3layouts.com/demos_new/template_demo/31-08-2018/poly_clinic-demo_Free/1184288982/web/webfonts/fa-regular-400.svg]
[demo.w3layouts.com/demos_new/template_demo/31-08-2018/poly_clinic-demo_Free/1184288982/web/webfonts/fa-solid-900.svg]
[demo.w3layouts.com/assests/fonts/fontawesome-webfont3e6e.svg]
[demo.w3layouts.com/demos_new/template_demo/31-08-2018/poly_clinic-demo_Free/1184288982/web/css/ui-bg_glass_65_ffffff_1x400.html]
[demo.w3layouts.com/demos_new/template_demo/31-08-2018/poly_clinic-demo_Free/1184288982/web/css/ui-bg_glass_95_fef1ec_1x400.html]
[demo.w3layouts.com/demos_new/template_demo/31-08-2018/poly_clinic-demo_Free/1184288982/web/css/ui-bg_flat_0_aaaaaa_40x100.html]
[demo.w3layouts.com/demos_new/template_demo/31-08-2018/poly_clinic-demo_Free/1184288982/web/images/calender.html]
